Archive member included to satisfy reference by file (symbol)

/usr/local/arm/arm-gnu-toolchain-13.2.Rel1-x86_64-arm-none-eabi/bin/../lib/gcc/arm-none-eabi/13.2.1/../../../../arm-none-eabi/lib/thumb/v7e-m+fp/hard/libc_nano.a(libc_a-exit.o)
                              /usr/local/arm/arm-gnu-toolchain-13.2.Rel1-x86_64-arm-none-eabi/bin/../lib/gcc/arm-none-eabi/13.2.1/../../../../arm-none-eabi/lib/thumb/v7e-m+fp/hard/crt0.o (exit)
/usr/local/arm/arm-gnu-toolchain-13.2.Rel1-x86_64-arm-none-eabi/bin/../lib/gcc/arm-none-eabi/13.2.1/../../../../arm-none-eabi/lib/thumb/v7e-m+fp/hard/libc_nano.a(libc_a-init.o)
                              /usr/local/arm/arm-gnu-toolchain-13.2.Rel1-x86_64-arm-none-eabi/bin/../lib/gcc/arm-none-eabi/13.2.1/../../../../arm-none-eabi/lib/thumb/v7e-m+fp/hard/crt0.o (__libc_init_array)
/usr/local/arm/arm-gnu-toolchain-13.2.Rel1-x86_64-arm-none-eabi/bin/../lib/gcc/arm-none-eabi/13.2.1/../../../../arm-none-eabi/lib/thumb/v7e-m+fp/hard/libc_nano.a(libc_a-findfp.o)
                              /usr/local/arm/arm-gnu-toolchain-13.2.Rel1-x86_64-arm-none-eabi/bin/../lib/gcc/arm-none-eabi/13.2.1/../../../../arm-none-eabi/lib/thumb/v7e-m+fp/hard/libc_nano.a(libc_a-exit.o) (__stdio_exit_handler)
/usr/local/arm/arm-gnu-toolchain-13.2.Rel1-x86_64-arm-none-eabi/bin/../lib/gcc/arm-none-eabi/13.2.1/../../../../arm-none-eabi/lib/thumb/v7e-m+fp/hard/libc_nano.a(libc_a-stdio.o)
                              /usr/local/arm/arm-gnu-toolchain-13.2.Rel1-x86_64-arm-none-eabi/bin/../lib/gcc/arm-none-eabi/13.2.1/../../../../arm-none-eabi/lib/thumb/v7e-m+fp/hard/libc_nano.a(libc_a-findfp.o) (__sread)
/usr/local/arm/arm-gnu-toolchain-13.2.Rel1-x86_64-arm-none-eabi/bin/../lib/gcc/arm-none-eabi/13.2.1/../../../../arm-none-eabi/lib/thumb/v7e-m+fp/hard/libc_nano.a(libc_a-readr.o)
                              /usr/local/arm/arm-gnu-toolchain-13.2.Rel1-x86_64-arm-none-eabi/bin/../lib/gcc/arm-none-eabi/13.2.1/../../../../arm-none-eabi/lib/thumb/v7e-m+fp/hard/libc_nano.a(libc_a-stdio.o) (_read_r)
/usr/local/arm/arm-gnu-toolchain-13.2.Rel1-x86_64-arm-none-eabi/bin/../lib/gcc/arm-none-eabi/13.2.1/../../../../arm-none-eabi/lib/thumb/v7e-m+fp/hard/libc_nano.a(libc_a-writer.o)
                              /usr/local/arm/arm-gnu-toolchain-13.2.Rel1-x86_64-arm-none-eabi/bin/../lib/gcc/arm-none-eabi/13.2.1/../../../../arm-none-eabi/lib/thumb/v7e-m+fp/hard/libc_nano.a(libc_a-stdio.o) (_write_r)
/usr/local/arm/arm-gnu-toolchain-13.2.Rel1-x86_64-arm-none-eabi/bin/../lib/gcc/arm-none-eabi/13.2.1/../../../../arm-none-eabi/lib/thumb/v7e-m+fp/hard/libc_nano.a(libc_a-fwalk.o)
                              /usr/local/arm/arm-gnu-toolchain-13.2.Rel1-x86_64-arm-none-eabi/bin/../lib/gcc/arm-none-eabi/13.2.1/../../../../arm-none-eabi/lib/thumb/v7e-m+fp/hard/libc_nano.a(libc_a-findfp.o) (_fwalk_sglue)
/usr/local/arm/arm-gnu-toolchain-13.2.Rel1-x86_64-arm-none-eabi/bin/../lib/gcc/arm-none-eabi/13.2.1/../../../../arm-none-eabi/lib/thumb/v7e-m+fp/hard/libc_nano.a(libc_a-memset.o)
                              /usr/local/arm/arm-gnu-toolchain-13.2.Rel1-x86_64-arm-none-eabi/bin/../lib/gcc/arm-none-eabi/13.2.1/../../../../arm-none-eabi/lib/thumb/v7e-m+fp/hard/crt0.o (memset)
/usr/local/arm/arm-gnu-toolchain-13.2.Rel1-x86_64-arm-none-eabi/bin/../lib/gcc/arm-none-eabi/13.2.1/../../../../arm-none-eabi/lib/thumb/v7e-m+fp/hard/libc_nano.a(libc_a-lock.o)
                              /usr/local/arm/arm-gnu-toolchain-13.2.Rel1-x86_64-arm-none-eabi/bin/../lib/gcc/arm-none-eabi/13.2.1/../../../../arm-none-eabi/lib/thumb/v7e-m+fp/hard/libc_nano.a(libc_a-findfp.o) (__retarget_lock_init_recursive)
/usr/local/arm/arm-gnu-toolchain-13.2.Rel1-x86_64-arm-none-eabi/bin/../lib/gcc/arm-none-eabi/13.2.1/../../../../arm-none-eabi/lib/thumb/v7e-m+fp/hard/libc_nano.a(libc_a-closer.o)
                              /usr/local/arm/arm-gnu-toolchain-13.2.Rel1-x86_64-arm-none-eabi/bin/../lib/gcc/arm-none-eabi/13.2.1/../../../../arm-none-eabi/lib/thumb/v7e-m+fp/hard/libc_nano.a(libc_a-stdio.o) (_close_r)
/usr/local/arm/arm-gnu-toolchain-13.2.Rel1-x86_64-arm-none-eabi/bin/../lib/gcc/arm-none-eabi/13.2.1/../../../../arm-none-eabi/lib/thumb/v7e-m+fp/hard/libc_nano.a(libc_a-reent.o)
                              /usr/local/arm/arm-gnu-toolchain-13.2.Rel1-x86_64-arm-none-eabi/bin/../lib/gcc/arm-none-eabi/13.2.1/../../../../arm-none-eabi/lib/thumb/v7e-m+fp/hard/libc_nano.a(libc_a-readr.o) (errno)
/usr/local/arm/arm-gnu-toolchain-13.2.Rel1-x86_64-arm-none-eabi/bin/../lib/gcc/arm-none-eabi/13.2.1/../../../../arm-none-eabi/lib/thumb/v7e-m+fp/hard/libc_nano.a(libc_a-impure.o)
                              /usr/local/arm/arm-gnu-toolchain-13.2.Rel1-x86_64-arm-none-eabi/bin/../lib/gcc/arm-none-eabi/13.2.1/../../../../arm-none-eabi/lib/thumb/v7e-m+fp/hard/libc_nano.a(libc_a-reent.o) (_impure_ptr)
/usr/local/arm/arm-gnu-toolchain-13.2.Rel1-x86_64-arm-none-eabi/bin/../lib/gcc/arm-none-eabi/13.2.1/../../../../arm-none-eabi/lib/thumb/v7e-m+fp/hard/libc_nano.a(libc_a-fflush.o)
[...]
Memory Configuration

Name             Origin             Length             Attributes
RAM              0x20000000         0x00008000         xrw
FLASH            0x08000000         0x00020000         xr
*default*        0x00000000         0xffffffff

Linker script and memory map

LOAD /usr/local/arm/arm-gnu-toolchain-13.2.Rel1-x86_64-arm-none-eabi/bin/../lib/gcc/arm-none-eabi/13.2.1/thumb/v7e-m+fp/hard/crti.o
LOAD /usr/local/arm/arm-gnu-toolchain-13.2.Rel1-x86_64-arm-none-eabi/bin/../lib/gcc/arm-none-eabi/13.2.1/thumb/v7e-m+fp/hard/crtbegin.o
LOAD /usr/local/arm/arm-gnu-toolchain-13.2.Rel1-x86_64-arm-none-eabi/bin/../lib/gcc/arm-none-eabi/13.2.1/../../../../arm-none-eabi/lib/thumb/v7e-m+fp/hard/crt0.o
START GROUP
LOAD /usr/local/arm/arm-gnu-toolchain-13.2.Rel1-x86_64-arm-none-eabi/bin/../lib/gcc/arm-none-eabi/13.2.1/../../../../arm-none-eabi/lib/thumb/v7e-m+fp/hard/libc_nano.a
LOAD /usr/local/arm/arm-gnu-toolchain-13.2.Rel1-x86_64-arm-none-eabi/bin/../lib/gcc/arm-none-eabi/13.2.1/../../../../arm-none-eabi/lib/thumb/v7e-m+fp/hard/libm.a
END GROUP
LOAD CMakeFiles/12sheng_sai.dir/Src/main.c.obj
LOAD CMakeFiles/12sheng_sai.dir/Src/gpio.c.obj
LOAD CMakeFiles/12sheng_sai.dir/Src/tim.c.obj
LOAD CMakeFiles/12sheng_sai.dir/Src/usart.c.obj
LOAD CMakeFiles/12sheng_sai.dir/Src/stm32g4xx_it.c.obj
LOAD CMakeFiles/12sheng_sai.dir/Src/stm32g4xx_hal_msp.c.obj
LOAD CMakeFiles/12sheng_sai.dir/Drivers/STM32G4xx_HAL_Driver/Src/stm32g4xx_hal_tim.c.obj
LOAD CMakeFiles/12sheng_sai.dir/Drivers/STM32G4xx_HAL_Driver/Src/stm32g4xx_hal_tim_ex.c.obj
LOAD CMakeFiles/12sheng_sai.dir/Drivers/STM32G4xx_HAL_Driver/Src/stm32g4xx_hal_pwr_ex.c.obj
LOAD CMakeFiles/12sheng_sai.dir/Drivers/STM32G4xx_HAL_Driver/Src/stm32g4xx_hal.c.obj
LOAD CMakeFiles/12sheng_sai.dir/Drivers/STM32G4xx_HAL_Driver/Src/stm32g4xx_hal_rcc.c.obj
LOAD CMakeFiles/12sheng_sai.dir/Drivers/STM32G4xx_HAL_Driver/Src/stm32g4xx_hal_rcc_ex.c.obj
LOAD CMakeFiles/12sheng_sai.dir/Drivers/STM32G4xx_HAL_Driver/Src/stm32g4xx_hal_flash.c.obj
LOAD CMakeFiles/12sheng_sai.dir/Drivers/STM32G4xx_HAL_Driver/Src/stm32g4xx_hal_flash_ex.c.obj
LOAD CMakeFiles/12sheng_sai.dir/Drivers/STM32G4xx_HAL_Driver/Src/stm32g4xx_hal_flash_ramfunc.c.obj
LOAD CMakeFiles/12sheng_sai.dir/Drivers/STM32G4xx_HAL_Driver/Src/stm32g4xx_hal_gpio.c.obj
LOAD CMakeFiles/12sheng_sai.dir/Drivers/STM32G4xx_HAL_Driver/Src/stm32g4xx_hal_exti.c.obj
LOAD CMakeFiles/12sheng_sai.dir/Drivers/STM32G4xx_HAL_Driver/Src/stm32g4xx_hal_dma.c.obj
LOAD CMakeFiles/12sheng_sai.dir/Drivers/STM32G4xx_HAL_Driver/Src/stm32g4xx_hal_dma_ex.c.obj
LOAD CMakeFiles/12sheng_sai.dir/Drivers/STM32G4xx_HAL_Driver/Src/stm32g4xx_hal_pwr.c.obj
LOAD CMakeFiles/12sheng_sai.dir/Drivers/STM32G4xx_HAL_Driver/Src/stm32g4xx_hal_cortex.c.obj
LOAD CMakeFiles/12sheng_sai.dir/Drivers/STM32G4xx_HAL_Driver/Src/stm32g4xx_hal_uart.c.obj
LOAD CMakeFiles/12sheng_sai.dir/Drivers/STM32G4xx_HAL_Driver/Src/stm32g4xx_hal_uart_ex.c.obj
LOAD CMakeFiles/12sheng_sai.dir/Src/system_stm32g4xx.c.obj
LOAD CMakeFiles/12sheng_sai.dir/Src/sysmem.c.obj
LOAD CMakeFiles/12sheng_sai.dir/Src/syscalls.c.obj
LOAD CMakeFiles/12sheng_sai.dir/startup_stm32g431xx.s.obj
START GROUP
LOAD /usr/local/arm/arm-gnu-toolchain-13.2.Rel1-x86_64-arm-none-eabi/bin/../lib/gcc/arm-none-eabi/13.2.1/thumb/v7e-m+fp/hard/libgcc.a
LOAD /usr/local/arm/arm-gnu-toolchain-13.2.Rel1-x86_64-arm-none-eabi/bin/../lib/gcc/arm-none-eabi/13.2.1/../../../../arm-none-eabi/lib/thumb/v7e-m+fp/hard/libg_nano.a
LOAD /usr/local/arm/arm-gnu-toolchain-13.2.Rel1-x86_64-arm-none-eabi/bin/../lib/gcc/arm-none-eabi/13.2.1/../../../../arm-none-eabi/lib/thumb/v7e-m+fp/hard/libc_nano.a
END GROUP
START GROUP
LOAD /usr/local/arm/arm-gnu-toolchain-13.2.Rel1-x86_64-arm-none-eabi/bin/../lib/gcc/arm-none-eabi/13.2.1/thumb/v7e-m+fp/hard/libgcc.a
LOAD /usr/local/arm/arm-gnu-toolchain-13.2.Rel1-x86_64-arm-none-eabi/bin/../lib/gcc/arm-none-eabi/13.2.1/../../../../arm-none-eabi/lib/thumb/v7e-m+fp/hard/libc_nano.a
END GROUP
LOAD /usr/local/arm/arm-gnu-toolchain-13.2.Rel1-x86_64-arm-none-eabi/bin/../lib/gcc/arm-none-eabi/13.2.1/thumb/v7e-m+fp/hard/crtend.o
LOAD /usr/local/arm/arm-gnu-toolchain-13.2.Rel1-x86_64-arm-none-eabi/bin/../lib/gcc/arm-none-eabi/13.2.1/thumb/v7e-m+fp/hard/crtn.o
                0x20008000                        _estack = (ORIGIN (RAM) + LENGTH (RAM))
                0x00000200                        _Min_Heap_Size = 0x200
                0x00000400                        _Min_Stack_Size = 0x400

.isr_vector     0x08000000      0x1d8
                0x08000000                        . = ALIGN (0x4)
 *(.isr_vector)
 .isr_vector    0x08000000      0x1d8 CMakeFiles/12sheng_sai.dir/startup_stm32g431xx.s.obj
                0x08000000                g_pfnVectors
                0x080001d8                        . = ALIGN (0x4)

.text           0x080001d8     0x4c0c
                0x080001d8                        . = ALIGN (0x4)
 *(.text)
 .text          0x080001d8       0x30 /usr/local/arm/arm-gnu-toolchain-13.2.Rel1-x86_64-arm-none-eabi/bin/../lib/gcc/arm-none-eabi/13.2.1/thumb/v7e-m+fp/hard/libgcc.a(_aeabi_uldivmod.o)
                0x080001d8                __aeabi_uldivmod
 .text          0x08000208        0x4 /usr/local/arm/arm-gnu-toolchain-13.2.Rel1-x86_64-arm-none-eabi/bin/../lib/gcc/arm-none-eabi/13.2.1/thumb/v7e-m+fp/hard/libgcc.a(_dvmd_tls.o)
                0x08000208                __aeabi_ldiv0
                0x08000208                __aeabi_idiv0
 *(.text*)
 .text.deregister_tm_clones
                0x0800020c       0x1c /usr/local/arm/arm-gnu-toolchain-13.2.Rel1-x86_64-arm-none-eabi/bin/../lib/gcc/arm-none-eabi/13.2.1/thumb/v7e-m+fp/hard/crtbegin.o
 .text.register_tm_clones
                0x08000228       0x24 /usr/local/arm/arm-gnu-toolchain-13.2.Rel1-x86_64-arm-none-eabi/bin/../lib/gcc/arm-none-eabi/13.2.1/thumb/v7e-m+fp/hard/crtbegin.o
 .text.__do_global_dtors_aux
                0x0800024c       0x28 /usr/local/arm/arm-gnu-toolchain-13.2.Rel1-x86_64-arm-none-eabi/bin/../lib/gcc/arm-none-eabi/13.2.1/thumb/v7e-m+fp/hard/crtbegin.o
 .text.frame_dummy
                0x08000274       0x24 /usr/local/arm/arm-gnu-toolchain-13.2.Rel1-x86_64-arm-none-eabi/bin/../lib/gcc/arm-none-eabi/13.2.1/thumb/v7e-m+fp/hard/crtbegin.o
 .text.__libc_init_array
                0x08000298       0x48 /usr/local/arm/arm-gnu-toolchain-13.2.Rel1-x86_64-arm-none-eabi/bin/../lib/gcc/arm-none-eabi/13.2.1/../../../../arm-none-eabi/lib/thumb/v7e-m+fp/hard/libc_nano.a(libc_a-init.o)
                0x08000298                __libc_init_array
 .text.memset   0x080002e0       0x10 /usr/local/arm/arm-gnu-toolchain-13.2.Rel1-x86_64-arm-none-eabi/bin/../lib/gcc/arm-none-eabi/13.2.1/../../../../arm-none-eabi/lib/thumb/v7e-m+fp/hard/libc_nano.a(libc_a-memset.o)
                0x080002e0                memset
 .text.main     0x080002f0       0x24 CMakeFiles/12sheng_sai.dir/Src/main.c.obj
                0x080002f0                main
 .text.SystemClock_Config
                0x08000314       0x94 CMakeFiles/12sheng_sai.dir/Src/main.c.obj
                0x08000314                SystemClock_Config
 .text.Error_Handler
                0x080003a8        0xc CMakeFiles/12sheng_sai.dir/Src/main.c.obj
                0x080003a8                Error_Handler
 .text.MX_GPIO_Init
                0x080003b4      0x128 CMakeFiles/12sheng_sai.dir/Src/gpio.c.obj
                0x080003b4                MX_GPIO_Init
 .text.MX_TIM3_Init
                0x080004dc       0xa8 CMakeFiles/12sheng_sai.dir/Src/tim.c.obj
                0x080004dc                MX_TIM3_Init
 .text.MX_TIM7_Init
                0x08000584       0x6c CMakeFiles/12sheng_sai.dir/Src/tim.c.obj
                0x08000584                MX_TIM7_Init
 .text.MX_TIM17_Init
                0x080005f0       0xf4 CMakeFiles/12sheng_sai.dir/Src/tim.c.obj
                0x080005f0                MX_TIM17_Init
 .text.HAL_TIM_IC_MspInit
                0x080006e4       0x98 CMakeFiles/12sheng_sai.dir/Src/tim.c.obj
                0x080006e4                HAL_TIM_IC_MspInit
 .text.HAL_TIM_Base_MspInit
                0x0800077c       0x74 CMakeFiles/12sheng_sai.dir/Src/tim.c.obj
                0x0800077c                HAL_TIM_Base_MspInit
 .text.HAL_TIM_MspPostInit
                0x080007f0       0x6c CMakeFiles/12sheng_sai.dir/Src/tim.c.obj
                0x080007f0                HAL_TIM_MspPostInit
 .text.MX_USART1_UART_Init
                0x0800085c       0x98 CMakeFiles/12sheng_sai.dir/Src/usart.c.obj
                0x0800085c                MX_USART1_UART_Init
 .text.HAL_UART_MspInit
                0x080008f4       0xc0 CMakeFiles/12sheng_sai.dir/Src/usart.c.obj
                0x080008f4                HAL_UART_MspInit
 .text.NMI_Handler
                0x080009b4        0x8 CMakeFiles/12sheng_sai.dir/Src/stm32g4xx_it.c.obj
                0x080009b4                NMI_Handler
 .text.HardFault_Handler
                0x080009bc        0x8 CMakeFiles/12sheng_sai.dir/Src/stm32g4xx_it.c.obj
                0x080009bc                HardFault_Handler
 .text.MemManage_Handler
                0x080009c4        0x8 CMakeFiles/12sheng_sai.dir/Src/stm32g4xx_it.c.obj
                0x080009c4                MemManage_Handler
 .text.BusFault_Handler
                0x080009cc        0x8 CMakeFiles/12sheng_sai.dir/Src/stm32g4xx_it.c.obj
                0x080009cc                BusFault_Handler
 .text.UsageFault_Handler
                0x080009d4        0x8 CMakeFiles/12sheng_sai.dir/Src/stm32g4xx_it.c.obj
                0x080009d4                UsageFault_Handler
 .text.SVC_Handler
                0x080009dc        0xe CMakeFiles/12sheng_sai.dir/Src/stm32g4xx_it.c.obj
                0x080009dc                SVC_Handler
 .text.DebugMon_Handler
                0x080009ea        0xe CMakeFiles/12sheng_sai.dir/Src/stm32g4xx_it.c.obj
                0x080009ea                DebugMon_Handler
 .text.PendSV_Handler
                0x080009f8        0xe CMakeFiles/12sheng_sai.dir/Src/stm32g4xx_it.c.obj
                0x080009f8                PendSV_Handler
 .text.SysTick_Handler
                0x08000a06        0xc CMakeFiles/12sheng_sai.dir/Src/stm32g4xx_it.c.obj
                0x08000a06                SysTick_Handler
 *fill*         0x08000a12        0x2 
 .text.TIM3_IRQHandler
                0x08000a14       0x14 CMakeFiles/12sheng_sai.dir/Src/stm32g4xx_it.c.obj
                0x08000a14                TIM3_IRQHandler
 .text.USART1_IRQHandler
                0x08000a28       0x14 CMakeFiles/12sheng_sai.dir/Src/stm32g4xx_it.c.obj
                0x08000a28                USART1_IRQHandler
 .text.TIM7_IRQHandler
                0x08000a3c       0x14 CMakeFiles/12sheng_sai.dir/Src/stm32g4xx_it.c.obj
                0x08000a3c                TIM7_IRQHandler
 .text.HAL_MspInit
                0x08000a50       0x48 CMakeFiles/12sheng_sai.dir/Src/stm32g4xx_hal_msp.c.obj
                0x08000a50                HAL_MspInit
 .text.HAL_TIM_Base_Init
                0x08000a98       0xae CMakeFiles/12sheng_sai.dir/Drivers/STM32G4xx_HAL_Driver/Src/stm32g4xx_hal_tim.c.obj
                0x08000a98                HAL_TIM_Base_Init
 .text.HAL_TIM_PWM_Init
                0x08000b46       0xae CMakeFiles/12sheng_sai.dir/Drivers/STM32G4xx_HAL_Driver/Src/stm32g4xx_hal_tim.c.obj
                0x08000b46                HAL_TIM_PWM_Init
 .text.HAL_TIM_PWM_MspInit
                0x08000bf4       0x14 CMakeFiles/12sheng_sai.dir/Drivers/STM32G4xx_HAL_Driver/Src/stm32g4xx_hal_tim.c.obj
                0x08000bf4                HAL_TIM_PWM_MspInit
 .text.HAL_TIM_IC_Init
                0x08000c08       0xae CMakeFiles/12sheng_sai.dir/Drivers/STM32G4xx_HAL_Driver/Src/stm32g4xx_hal_tim.c.obj
                0x08000c08                HAL_TIM_IC_Init
 .text.HAL_TIM_IRQHandler
                0x08000cb6      0x2fe CMakeFiles/12sheng_sai.dir/Drivers/STM32G4xx_HAL_Driver/Src/stm32g4xx_hal_tim.c.obj
                0x08000cb6                HAL_TIM_IRQHandler
 .text.HAL_TIM_IC_ConfigChannel
                0x08000fb4      0x138 CMakeFiles/12sheng_sai.dir/Drivers/STM32G4xx_HAL_Driver/Src/stm32g4xx_hal_tim.c.obj
                0x08000fb4                HAL_TIM_IC_ConfigChannel
 .text.HAL_TIM_PWM_ConfigChannel
                0x080010ec      0x228 CMakeFiles/12sheng_sai.dir/Drivers/STM32G4xx_HAL_Driver/Src/stm32g4xx_hal_tim.c.obj
                0x080010ec                HAL_TIM_PWM_ConfigChannel
 .text.HAL_TIM_PeriodElapsedCallback
                0x08001314       0x14 CMakeFiles/12sheng_sai.dir/Drivers/STM32G4xx_HAL_Driver/Src/stm32g4xx_hal_tim.c.obj
                0x08001314                HAL_TIM_PeriodElapsedCallback
 .text.HAL_TIM_OC_DelayElapsedCallback
                0x08001328       0x14 CMakeFiles/12sheng_sai.dir/Drivers/STM32G4xx_HAL_Driver/Src/stm32g4xx_hal_tim.c.obj
                0x08001328                HAL_TIM_OC_DelayElapsedCallback
 .text.HAL_TIM_IC_CaptureCallback
                0x0800133c       0x14 CMakeFiles/12sheng_sai.dir/Drivers/STM32G4xx_HAL_Driver/Src/stm32g4xx_hal_tim.c.obj
                0x0800133c                HAL_TIM_IC_CaptureCallback
 .text.HAL_TIM_PWM_PulseFinishedCallback
                0x08001350       0x14 CMakeFiles/12sheng_sai.dir/Drivers/STM32G4xx_HAL_Driver/Src/stm32g4xx_hal_tim.c.obj
                0x08001350                HAL_TIM_PWM_PulseFinishedCallback
 .text.HAL_TIM_TriggerCallback
                0x08001364       0x14 CMakeFiles/12sheng_sai.dir/Drivers/STM32G4xx_HAL_Driver/Src/stm32g4xx_hal_tim.c.obj
                0x08001364                HAL_TIM_TriggerCallback
 .text.TIM_Base_SetConfig
                0x08001378      0x120 CMakeFiles/12sheng_sai.dir/Drivers/STM32G4xx_HAL_Driver/Src/stm32g4xx_hal_tim.c.obj
                0x08001378                TIM_Base_SetConfig
 .text.TIM_OC1_SetConfig
                0x08001498      0x120 CMakeFiles/12sheng_sai.dir/Drivers/STM32G4xx_HAL_Driver/Src/stm32g4xx_hal_tim.c.obj
 .text.TIM_OC2_SetConfig
                0x080015b8      0x114 CMakeFiles/12sheng_sai.dir/Drivers/STM32G4xx_HAL_Driver/Src/stm32g4xx_hal_tim.c.obj
                0x080015b8                TIM_OC2_SetConfig
 .text.TIM_OC3_SetConfig
                0x080016cc      0x110 CMakeFiles/12sheng_sai.dir/Drivers/STM32G4xx_HAL_Driver/Src/stm32g4xx_hal_tim.c.obj
 .text.TIM_OC4_SetConfig
                0x080017dc      0x114 CMakeFiles/12sheng_sai.dir/Drivers/STM32G4xx_HAL_Driver/Src/stm32g4xx_hal_tim.c.obj
 .text.TIM_OC5_SetConfig
                0x080018f0       0xc8 CMakeFiles/12sheng_sai.dir/Drivers/STM32G4xx_HAL_Driver/Src/stm32g4xx_hal_tim.c.obj
 .text.TIM_OC6_SetConfig
                0x080019b8       0xcc CMakeFiles/12sheng_sai.dir/Drivers/STM32G4xx_HAL_Driver/Src/stm32g4xx_hal_tim.c.obj
 .text.TIM_TI1_SetConfig
                0x08001a84       0xd0 CMakeFiles/12sheng_sai.dir/Drivers/STM32G4xx_HAL_Driver/Src/stm32g4xx_hal_tim.c.obj
                0x08001a84                TIM_TI1_SetConfig
 .text.TIM_TI2_SetConfig
                0x08001b54       0x7a CMakeFiles/12sheng_sai.dir/Drivers/STM32G4xx_HAL_Driver/Src/stm32g4xx_hal_tim.c.obj
 .text.TIM_TI3_SetConfig
                0x08001bce       0x78 CMakeFiles/12sheng_sai.dir/Drivers/STM32G4xx_HAL_Driver/Src/stm32g4xx_hal_tim.c.obj
 .text.TIM_TI4_SetConfig
                0x08001c46       0x7a CMakeFiles/12sheng_sai.dir/Drivers/STM32G4xx_HAL_Driver/Src/stm32g4xx_hal_tim.c.obj
 .text.HAL_TIMEx_MasterConfigSynchronization
                0x08001cc0      0x104 CMakeFiles/12sheng_sai.dir/Drivers/STM32G4xx_HAL_Driver/Src/stm32g4xx_hal_tim_ex.c.obj
                0x08001cc0                HAL_TIMEx_MasterConfigSynchronization
 .text.HAL_TIMEx_ConfigBreakDeadTime
                0x08001dc4      0x140 CMakeFiles/12sheng_sai.dir/Drivers/STM32G4xx_HAL_Driver/Src/stm32g4xx_hal_tim_ex.c.obj
                0x08001dc4                HAL_TIMEx_ConfigBreakDeadTime
 .text.HAL_TIMEx_CommutCallback
                0x08001f04       0x14 CMakeFiles/12sheng_sai.dir/Drivers/STM32G4xx_HAL_Driver/Src/stm32g4xx_hal_tim_ex.c.obj
                0x08001f04                HAL_TIMEx_CommutCallback
 .text.HAL_TIMEx_BreakCallback
                0x08001f18       0x14 CMakeFiles/12sheng_sai.dir/Drivers/STM32G4xx_HAL_Driver/Src/stm32g4xx_hal_tim_ex.c.obj
                0x08001f18                HAL_TIMEx_BreakCallback
 .text.HAL_TIMEx_Break2Callback
                0x08001f2c       0x14 CMakeFiles/12sheng_sai.dir/Drivers/STM32G4xx_HAL_Driver/Src/stm32g4xx_hal_tim_ex.c.obj
                0x08001f2c                HAL_TIMEx_Break2Callback
 .text.HAL_TIMEx_EncoderIndexCallback
                0x08001f40       0x14 CMakeFiles/12sheng_sai.dir/Drivers/STM32G4xx_HAL_Driver/Src/stm32g4xx_hal_tim_ex.c.obj
                0x08001f40                HAL_TIMEx_EncoderIndexCallback
 .text.HAL_TIMEx_DirectionChangeCallback
                0x08001f54       0x14 CMakeFiles/12sheng_sai.dir/Drivers/STM32G4xx_HAL_Driver/Src/stm32g4xx_hal_tim_ex.c.obj
                0x08001f54                HAL_TIMEx_DirectionChangeCallback
 .text.HAL_TIMEx_IndexErrorCallback
                0x08001f68       0x14 CMakeFiles/12sheng_sai.dir/Drivers/STM32G4xx_HAL_Driver/Src/stm32g4xx_hal_tim_ex.c.obj
                0x08001f68                HAL_TIMEx_IndexErrorCallback
 .text.HAL_TIMEx_TransitionErrorCallback
                0x08001f7c       0x14 CMakeFiles/12sheng_sai.dir/Drivers/STM32G4xx_HAL_Driver/Src/stm32g4xx_hal_tim_ex.c.obj
                0x08001f7c                HAL_TIMEx_TransitionErrorCallback
 .text.HAL_PWREx_ControlVoltageScaling
                0x08001f90      0x148 CMakeFiles/12sheng_sai.dir/Drivers/STM32G4xx_HAL_Driver/Src/stm32g4xx_hal_pwr_ex.c.obj
                0x08001f90                HAL_PWREx_ControlVoltageScaling
 .text.HAL_PWREx_DisableUCPDDeadBattery
                0x080020d8       0x20 CMakeFiles/12sheng_sai.dir/Drivers/STM32G4xx_HAL_Driver/Src/stm32g4xx_hal_pwr_ex.c.obj
                0x080020d8                HAL_PWREx_DisableUCPDDeadBattery
 .text.HAL_Init
                0x080020f8       0x30 CMakeFiles/12sheng_sai.dir/Drivers/STM32G4xx_HAL_Driver/Src/stm32g4xx_hal.c.obj
                0x080020f8                HAL_Init
 .text.HAL_InitTick
                0x08002128       0x74 CMakeFiles/12sheng_sai.dir/Drivers/STM32G4xx_HAL_Driver/Src/stm32g4xx_hal.c.obj
                0x08002128                HAL_InitTick
 .text.HAL_IncTick
                0x0800219c       0x24 CMakeFiles/12sheng_sai.dir/Drivers/STM32G4xx_HAL_Driver/Src/stm32g4xx_hal.c.obj
                0x0800219c                HAL_IncTick
 .text.HAL_GetTick
                0x080021c0       0x18 CMakeFiles/12sheng_sai.dir/Drivers/STM32G4xx_HAL_Driver/Src/stm32g4xx_hal.c.obj
                0x080021c0                HAL_GetTick
 .text.HAL_RCC_OscConfig
                0x080021d8      0x630 CMakeFiles/12sheng_sai.dir/Drivers/STM32G4xx_HAL_Driver/Src/stm32g4xx_hal_rcc.c.obj
                0x080021d8                HAL_RCC_OscConfig
 .text.HAL_RCC_ClockConfig
                0x08002808      0x278 CMakeFiles/12sheng_sai.dir/Drivers/STM32G4xx_HAL_Driver/Src/stm32g4xx_hal_rcc.c.obj
                0x08002808                HAL_RCC_ClockConfig
 .text.HAL_RCC_GetSysClockFreq
                0x08002a80       0xc4 CMakeFiles/12sheng_sai.dir/Drivers/STM32G4xx_HAL_Driver/Src/stm32g4xx_hal_rcc.c.obj
                0x08002a80                HAL_RCC_GetSysClockFreq
 .text.HAL_RCC_GetHCLKFreq
                0x08002b44       0x18 CMakeFiles/12sheng_sai.dir/Drivers/STM32G4xx_HAL_Driver/Src/stm32g4xx_hal_rcc.c.obj
                0x08002b44                HAL_RCC_GetHCLKFreq
 .text.HAL_RCC_GetPCLK1Freq
                0x08002b5c       0x2c CMakeFiles/12sheng_sai.dir/Drivers/STM32G4xx_HAL_Driver/Src/stm32g4xx_hal_rcc.c.obj
                0x08002b5c                HAL_RCC_GetPCLK1Freq
 .text.HAL_RCC_GetPCLK2Freq
                0x08002b88       0x2c CMakeFiles/12sheng_sai.dir/Drivers/STM32G4xx_HAL_Driver/Src/stm32g4xx_hal_rcc.c.obj
                0x08002b88                HAL_RCC_GetPCLK2Freq
 .text.RCC_GetSysClockFreqFromPLLSource
                0x08002bb4       0x8c CMakeFiles/12sheng_sai.dir/Drivers/STM32G4xx_HAL_Driver/Src/stm32g4xx_hal_rcc.c.obj
 .text.HAL_RCCEx_PeriphCLKConfig
                0x08002c40      0x3e0 CMakeFiles/12sheng_sai.dir/Drivers/STM32G4xx_HAL_Driver/Src/stm32g4xx_hal_rcc_ex.c.obj
                0x08002c40                HAL_RCCEx_PeriphCLKConfig
 .text.HAL_GPIO_Init
                0x08003020      0x304 CMakeFiles/12sheng_sai.dir/Drivers/STM32G4xx_HAL_Driver/Src/stm32g4xx_hal_gpio.c.obj
                0x08003020                HAL_GPIO_Init
 .text.HAL_GPIO_WritePin
                0x08003324       0x30 CMakeFiles/12sheng_sai.dir/Drivers/STM32G4xx_HAL_Driver/Src/stm32g4xx_hal_gpio.c.obj
                0x08003324                HAL_GPIO_WritePin
 .text.HAL_DMA_Abort
                0x08003354       0xb2 CMakeFiles/12sheng_sai.dir/Drivers/STM32G4xx_HAL_Driver/Src/stm32g4xx_hal_dma.c.obj
                0x08003354                HAL_DMA_Abort
 .text.HAL_DMA_Abort_IT
                0x08003406       0xce CMakeFiles/12sheng_sai.dir/Drivers/STM32G4xx_HAL_Driver/Src/stm32g4xx_hal_dma.c.obj
                0x08003406                HAL_DMA_Abort_IT
 .text.__NVIC_SetPriorityGrouping
                0x080034d4       0x48 CMakeFiles/12sheng_sai.dir/Drivers/STM32G4xx_HAL_Driver/Src/stm32g4xx_hal_cortex.c.obj
 .text.__NVIC_GetPriorityGrouping
                0x0800351c       0x1c CMakeFiles/12sheng_sai.dir/Drivers/STM32G4xx_HAL_Driver/Src/stm32g4xx_hal_cortex.c.obj
 .text.__NVIC_EnableIRQ
                0x08003538       0x3c CMakeFiles/12sheng_sai.dir/Drivers/STM32G4xx_HAL_Driver/Src/stm32g4xx_hal_cortex.c.obj
 .text.__NVIC_SetPriority
                0x08003574       0x54 CMakeFiles/12sheng_sai.dir/Drivers/STM32G4xx_HAL_Driver/Src/stm32g4xx_hal_cortex.c.obj
 .text.NVIC_EncodePriority
                0x080035c8       0x66 CMakeFiles/12sheng_sai.dir/Drivers/STM32G4xx_HAL_Driver/Src/stm32g4xx_hal_cortex.c.obj
 *fill*         0x0800362e        0x2 
 .text.SysTick_Config
                0x08003630       0x44 CMakeFiles/12sheng_sai.dir/Drivers/STM32G4xx_HAL_Driver/Src/stm32g4xx_hal_cortex.c.obj
 .text.HAL_NVIC_SetPriorityGrouping
                0x08003674       0x16 CMakeFiles/12sheng_sai.dir/Drivers/STM32G4xx_HAL_Driver/Src/stm32g4xx_hal_cortex.c.obj
                0x08003674                HAL_NVIC_SetPriorityGrouping
 .text.HAL_NVIC_SetPriority
                0x0800368a       0x34 CMakeFiles/12sheng_sai.dir/Drivers/STM32G4xx_HAL_Driver/Src/stm32g4xx_hal_cortex.c.obj
                0x0800368a                HAL_NVIC_SetPriority
 .text.HAL_NVIC_EnableIRQ
                0x080036be       0x1c CMakeFiles/12sheng_sai.dir/Drivers/STM32G4xx_HAL_Driver/Src/stm32g4xx_hal_cortex.c.obj
                0x080036be                HAL_NVIC_EnableIRQ
 .text.HAL_SYSTICK_Config
                0x080036da       0x18 CMakeFiles/12sheng_sai.dir/Drivers/STM32G4xx_HAL_Driver/Src/stm32g4xx_hal_cortex.c.obj
                0x080036da                HAL_SYSTICK_Config
 .text.HAL_UART_Init
                0x080036f2       0xa0 CMakeFiles/12sheng_sai.dir/Drivers/STM32G4xx_HAL_Driver/Src/stm32g4xx_hal_uart.c.obj
                0x080036f2                HAL_UART_Init
 *fill*         0x08003792        0x2 
 .text.HAL_UART_IRQHandler
                0x08003794      0x630 CMakeFiles/12sheng_sai.dir/Drivers/STM32G4xx_HAL_Driver/Src/stm32g4xx_hal_uart.c.obj
                0x08003794                HAL_UART_IRQHandler
 .text.HAL_UART_TxCpltCallback
                0x08003dc4       0x14 CMakeFiles/12sheng_sai.dir/Drivers/STM32G4xx_HAL_Driver/Src/stm32g4xx_hal_uart.c.obj
                0x08003dc4                HAL_UART_TxCpltCallback
 .text.HAL_UART_ErrorCallback
                0x08003dd8       0x14 CMakeFiles/12sheng_sai.dir/Drivers/STM32G4xx_HAL_Driver/Src/stm32g4xx_hal_uart.c.obj
                0x08003dd8                HAL_UART_ErrorCallback
 .text.HAL_UARTEx_RxEventCallback
                0x08003dec       0x18 CMakeFiles/12sheng_sai.dir/Drivers/STM32G4xx_HAL_Driver/Src/stm32g4xx_hal_uart.c.obj
                0x08003dec                HAL_UARTEx_RxEventCallback
 .text.UART_SetConfig
                0x08003e04      0x598 CMakeFiles/12sheng_sai.dir/Drivers/STM32G4xx_HAL_Driver/Src/stm32g4xx_hal_uart.c.obj
                0x08003e04                UART_SetConfig
 .text.UART_AdvFeatureConfig
                0x0800439c      0x144 CMakeFiles/12sheng_sai.dir/Drivers/STM32G4xx_HAL_Driver/Src/stm32g4xx_hal_uart.c.obj
                0x0800439c                UART_AdvFeatureConfig
 .text.UART_CheckIdleState
                0x080044e0       0x96 CMakeFiles/12sheng_sai.dir/Drivers/STM32G4xx_HAL_Driver/Src/stm32g4xx_hal_uart.c.obj
                0x080044e0                UART_CheckIdleState
 .text.UART_WaitOnFlagUntilTimeout
                0x08004576      0x190 CMakeFiles/12sheng_sai.dir/Drivers/STM32G4xx_HAL_Driver/Src/stm32g4xx_hal_uart.c.obj
                0x08004576                UART_WaitOnFlagUntilTimeout
 .text.UART_EndRxTransfer
                0x08004706       0xcc CMakeFiles/12sheng_sai.dir/Drivers/STM32G4xx_HAL_Driver/Src/stm32g4xx_hal_uart.c.obj
 .text.UART_DMAAbortOnError
                0x080047d2       0x2c CMakeFiles/12sheng_sai.dir/Drivers/STM32G4xx_HAL_Driver/Src/stm32g4xx_hal_uart.c.obj
 .text.UART_EndTransmit_IT
                0x080047fe       0x56 CMakeFiles/12sheng_sai.dir/Drivers/STM32G4xx_HAL_Driver/Src/stm32g4xx_hal_uart.c.obj
 .text.HAL_UARTEx_WakeupCallback
                0x08004854       0x14 CMakeFiles/12sheng_sai.dir/Drivers/STM32G4xx_HAL_Driver/Src/stm32g4xx_hal_uart_ex.c.obj
                0x08004854                HAL_UARTEx_WakeupCallback
 .text.HAL_UARTEx_RxFifoFullCallback
                0x08004868       0x14 CMakeFiles/12sheng_sai.dir/Drivers/STM32G4xx_HAL_Driver/Src/stm32g4xx_hal_uart_ex.c.obj
                0x08004868                HAL_UARTEx_RxFifoFullCallback
 .text.HAL_UARTEx_TxFifoEmptyCallback
                0x0800487c       0x14 CMakeFiles/12sheng_sai.dir/Drivers/STM32G4xx_HAL_Driver/Src/stm32g4xx_hal_uart_ex.c.obj
                0x0800487c                HAL_UARTEx_TxFifoEmptyCallback
 .text.HAL_UARTEx_DisableFifoMode
                0x08004890       0x72 CMakeFiles/12sheng_sai.dir/Drivers/STM32G4xx_HAL_Driver/Src/stm32g4xx_hal_uart_ex.c.obj
                0x08004890                HAL_UARTEx_DisableFifoMode
 .text.HAL_UARTEx_SetTxFifoThreshold
                0x08004902       0x7c CMakeFiles/12sheng_sai.dir/Drivers/STM32G4xx_HAL_Driver/Src/stm32g4xx_hal_uart_ex.c.obj
                0x08004902                HAL_UARTEx_SetTxFifoThreshold
 .text.HAL_UARTEx_SetRxFifoThreshold
                0x0800497e       0x7c CMakeFiles/12sheng_sai.dir/Drivers/STM32G4xx_HAL_Driver/Src/stm32g4xx_hal_uart_ex.c.obj
                0x0800497e                HAL_UARTEx_SetRxFifoThreshold
 *fill*         0x080049fa        0x2 
 .text.UARTEx_SetNbDataToProcess
                0x080049fc       0x9c CMakeFiles/12sheng_sai.dir/Drivers/STM32G4xx_HAL_Driver/Src/stm32g4xx_hal_uart_ex.c.obj
 .text.SystemInit
                0x08004a98       0x24 CMakeFiles/12sheng_sai.dir/Src/system_stm32g4xx.c.obj
                0x08004a98                SystemInit
 .text.Reset_Handler
                0x08004abc       0x50 CMakeFiles/12sheng_sai.dir/startup_stm32g431xx.s.obj
                0x08004abc                Reset_Handler
 .text.Default_Handler
                0x08004b0c        0x2 CMakeFiles/12sheng_sai.dir/startup_stm32g431xx.s.obj
                0x08004b0c                RTC_Alarm_IRQHandler
                0x08004b0c                EXTI2_IRQHandler
                0x08004b0c                TIM8_TRG_COM_IRQHandler
                0x08004b0c                TIM8_CC_IRQHandler
                0x08004b0c                TIM1_CC_IRQHandler
                0x08004b0c                USB_HP_IRQHandler
                0x08004b0c                CORDIC_IRQHandler
                0x08004b0c                EXTI3_IRQHandler
                0x08004b0c                I2C3_ER_IRQHandler
                0x08004b0c                EXTI0_IRQHandler
                0x08004b0c                I2C2_EV_IRQHandler
                0x08004b0c                FPU_IRQHandler
                0x08004b0c                FDCAN1_IT1_IRQHandler
                0x08004b0c                TIM1_UP_TIM16_IRQHandler
                0x08004b0c                ADC1_2_IRQHandler
                0x08004b0c                SPI1_IRQHandler
                0x08004b0c                TIM6_DAC_IRQHandler
                0x08004b0c                TIM8_UP_IRQHandler
                0x08004b0c                DMA2_Channel2_IRQHandler
                0x08004b0c                DMA1_Channel4_IRQHandler
                0x08004b0c                USART3_IRQHandler
                0x08004b0c                TIM4_IRQHandler
                0x08004b0c                DMA2_Channel1_IRQHandler
                0x08004b0c                I2C1_EV_IRQHandler
                0x08004b0c                DMA1_Channel6_IRQHandler
                0x08004b0c                UART4_IRQHandler
                0x08004b0c                DMA2_Channel4_IRQHandler
                0x08004b0c                RCC_IRQHandler
                0x08004b0c                DMA1_Channel1_IRQHandler
                0x08004b0c                Default_Handler
                0x08004b0c                RTC_TAMP_LSECSS_IRQHandler
                0x08004b0c                FMAC_IRQHandler
                0x08004b0c                EXTI15_10_IRQHandler
                0x08004b0c                UCPD1_IRQHandler
                0x08004b0c                I2C3_EV_IRQHandler
                0x08004b0c                EXTI9_5_IRQHandler
                0x08004b0c                RTC_WKUP_IRQHandler
                0x08004b0c                PVD_PVM_IRQHandler
                0x08004b0c                SPI2_IRQHandler
                0x08004b0c                DMA2_Channel5_IRQHandler
                0x08004b0c                CRS_IRQHandler
                0x08004b0c                DMA1_Channel5_IRQHandler
                0x08004b0c                USB_LP_IRQHandler
                0x08004b0c                EXTI4_IRQHandler
                0x08004b0c                RNG_IRQHandler
                0x08004b0c                TIM1_TRG_COM_TIM17_IRQHandler
                0x08004b0c                DMA1_Channel3_IRQHandler
                0x08004b0c                WWDG_IRQHandler
                0x08004b0c                LPUART1_IRQHandler
                0x08004b0c                DMA2_Channel6_IRQHandler
                0x08004b0c                FDCAN1_IT0_IRQHandler
                0x08004b0c                TIM2_IRQHandler
                0x08004b0c                COMP1_2_3_IRQHandler
                0x08004b0c                EXTI1_IRQHandler
                0x08004b0c                USART2_IRQHandler
                0x08004b0c                I2C2_ER_IRQHandler
                0x08004b0c                DMA1_Channel2_IRQHandler
                0x08004b0c                TIM8_BRK_IRQHandler
                0x08004b0c                FLASH_IRQHandler
                0x08004b0c                SPI3_IRQHandler
                0x08004b0c                I2C1_ER_IRQHandler
                0x08004b0c                LPTIM1_IRQHandler
                0x08004b0c                DMAMUX_OVR_IRQHandler
                0x08004b0c                USBWakeUp_IRQHandler
                0x08004b0c                SAI1_IRQHandler
                0x08004b0c                DMA2_Channel3_IRQHandler
                0x08004b0c                COMP4_IRQHandler
                0x08004b0c                TIM1_BRK_TIM15_IRQHandler
 *fill*         0x08004b0e        0x2 
 .text.__udivmoddi4
                0x08004b10      0x2bc /usr/local/arm/arm-gnu-toolchain-13.2.Rel1-x86_64-arm-none-eabi/bin/../lib/gcc/arm-none-eabi/13.2.1/thumb/v7e-m+fp/hard/libgcc.a(_udivmoddi4.o)
                0x08004b10                __udivmoddi4
 *(.glue_7)
 .glue_7        0x08004dcc        0x0 linker stubs
 *(.glue_7t)
 .glue_7t       0x08004dcc        0x0 linker stubs
 *(.eh_frame)
 .eh_frame      0x08004dcc        0x0 /usr/local/arm/arm-gnu-toolchain-13.2.Rel1-x86_64-arm-none-eabi/bin/../lib/gcc/arm-none-eabi/13.2.1/thumb/v7e-m+fp/hard/crtbegin.o
 *(.init)
 .init          0x08004dcc        0x4 /usr/local/arm/arm-gnu-toolchain-13.2.Rel1-x86_64-arm-none-eabi/bin/../lib/gcc/arm-none-eabi/13.2.1/thumb/v7e-m+fp/hard/crti.o
                0x08004dcc                _init
 .init          0x08004dd0        0x8 /usr/local/arm/arm-gnu-toolchain-13.2.Rel1-x86_64-arm-none-eabi/bin/../lib/gcc/arm-none-eabi/13.2.1/thumb/v7e-m+fp/hard/crtn.o
 *(.fini)
 .fini          0x08004dd8        0x4 /usr/local/arm/arm-gnu-toolchain-13.2.Rel1-x86_64-arm-none-eabi/bin/../lib/gcc/arm-none-eabi/13.2.1/thumb/v7e-m+fp/hard/crti.o
                0x08004dd8                _fini
 .fini          0x08004ddc        0x8 /usr/local/arm/arm-gnu-toolchain-13.2.Rel1-x86_64-arm-none-eabi/bin/../lib/gcc/arm-none-eabi/13.2.1/thumb/v7e-m+fp/hard/crtn.o
                0x08004de4                        . = ALIGN (0x4)
                0x08004de4                        _etext = .

.vfp11_veneer   0x08004de4        0x0
 .vfp11_veneer  0x08004de4        0x0 linker stubs

.v4_bx          0x08004de4        0x0
 .v4_bx         0x08004de4        0x0 linker stubs

.iplt           0x08004de4        0x0
 .iplt          0x08004de4        0x0 /usr/local/arm/arm-gnu-toolchain-13.2.Rel1-x86_64-arm-none-eabi/bin/../lib/gcc/arm-none-eabi/13.2.1/thumb/v7e-m+fp/hard/crtbegin.o

.rodata         0x08004de4       0x40
                0x08004de4                        . = ALIGN (0x4)
 *(.rodata)
 *(.rodata*)
 .rodata.UARTPrescTable
                0x08004de4       0x18 CMakeFiles/12sheng_sai.dir/Drivers/STM32G4xx_HAL_Driver/Src/stm32g4xx_hal_uart.c.obj
                0x08004de4                UARTPrescTable
 .rodata.numerator.1
                0x08004dfc        0x8 CMakeFiles/12sheng_sai.dir/Drivers/STM32G4xx_HAL_Driver/Src/stm32g4xx_hal_uart_ex.c.obj
 .rodata.denominator.0
                0x08004e04        0x8 CMakeFiles/12sheng_sai.dir/Drivers/STM32G4xx_HAL_Driver/Src/stm32g4xx_hal_uart_ex.c.obj
 .rodata.AHBPrescTable
                0x08004e0c       0x10 CMakeFiles/12sheng_sai.dir/Src/system_stm32g4xx.c.obj
                0x08004e0c                AHBPrescTable
 .rodata.APBPrescTable
                0x08004e1c        0x8 CMakeFiles/12sheng_sai.dir/Src/system_stm32g4xx.c.obj
                0x08004e1c                APBPrescTable
                0x08004e24                        . = ALIGN (0x4)

.ARM.extab
 *(.ARM.extab* .gnu.linkonce.armextab.*)

.ARM            0x08004e24        0x8
                0x08004e24                        __exidx_start = .
 *(.ARM.exidx*)
 .ARM.exidx.text.__udivmoddi4
                0x08004e24        0x8 /usr/local/arm/arm-gnu-toolchain-13.2.Rel1-x86_64-arm-none-eabi/bin/../lib/gcc/arm-none-eabi/13.2.1/thumb/v7e-m+fp/hard/libgcc.a(_udivmoddi4.o)
                0x08004e2c                        __exidx_end = .

.rel.dyn        0x08004e2c        0x0
 .rel.iplt      0x08004e2c        0x0 /usr/local/arm/arm-gnu-toolchain-13.2.Rel1-x86_64-arm-none-eabi/bin/../lib/gcc/arm-none-eabi/13.2.1/thumb/v7e-m+fp/hard/crtbegin.o

.preinit_array  0x08004e2c        0x0
                0x08004e2c                        PROVIDE (__preinit_array_start = .)
 *(.preinit_array*)
                0x08004e2c                        PROVIDE (__preinit_array_end = .)

.init_array     0x08004e2c        0x4
                0x08004e2c                        PROVIDE (__init_array_start = .)
 *(SORT_BY_NAME(.init_array.*))
 *(.init_array*)
 .init_array    0x08004e2c        0x4 /usr/local/arm/arm-gnu-toolchain-13.2.Rel1-x86_64-arm-none-eabi/bin/../lib/gcc/arm-none-eabi/13.2.1/thumb/v7e-m+fp/hard/crtbegin.o
                0x08004e30                        PROVIDE (__init_array_end = .)

.fini_array     0x08004e30        0x4
                [!provide]                        PROVIDE (__fini_array_start = .)
 *(SORT_BY_NAME(.fini_array.*))
 *(.fini_array*)
 .fini_array    0x08004e30        0x4 /usr/local/arm/arm-gnu-toolchain-13.2.Rel1-x86_64-arm-none-eabi/bin/../lib/gcc/arm-none-eabi/13.2.1/thumb/v7e-m+fp/hard/crtbegin.o
                [!provide]                        PROVIDE (__fini_array_end = .)
                0x08004e34                        _sidata = LOADADDR (.data)

.data           0x20000000        0xc load address 0x08004e34
                0x20000000                        . = ALIGN (0x4)
                0x20000000                        _sdata = .
 *(.data)
 *(.data*)
 .data.uwTickPrio
                0x20000000        0x4 CMakeFiles/12sheng_sai.dir/Drivers/STM32G4xx_HAL_Driver/Src/stm32g4xx_hal.c.obj
                0x20000000                uwTickPrio
 .data.uwTickFreq
                0x20000004        0x4 CMakeFiles/12sheng_sai.dir/Drivers/STM32G4xx_HAL_Driver/Src/stm32g4xx_hal.c.obj
                0x20000004                uwTickFreq
 .data.SystemCoreClock
                0x20000008        0x4 CMakeFiles/12sheng_sai.dir/Src/system_stm32g4xx.c.obj
                0x20000008                SystemCoreClock
                0x2000000c                        . = ALIGN (0x4)
                0x2000000c                        _edata = .

.tm_clone_table
                0x2000000c        0x0 load address 0x08004e40
 .tm_clone_table
                0x2000000c        0x0 /usr/local/arm/arm-gnu-toolchain-13.2.Rel1-x86_64-arm-none-eabi/bin/../lib/gcc/arm-none-eabi/13.2.1/thumb/v7e-m+fp/hard/crtbegin.o
 .tm_clone_table
                0x2000000c        0x0 /usr/local/arm/arm-gnu-toolchain-13.2.Rel1-x86_64-arm-none-eabi/bin/../lib/gcc/arm-none-eabi/13.2.1/thumb/v7e-m+fp/hard/crtend.o

.igot.plt       0x2000000c        0x0 load address 0x08004e40
 .igot.plt      0x2000000c        0x0 /usr/local/arm/arm-gnu-toolchain-13.2.Rel1-x86_64-arm-none-eabi/bin/../lib/gcc/arm-none-eabi/13.2.1/thumb/v7e-m+fp/hard/crtbegin.o
                0x2000000c                        . = ALIGN (0x4)

.bss            0x2000000c      0x194 load address 0x08004e40
                0x2000000c                        _sbss = .
                0x2000000c                        __bss_start__ = _sbss
 *(.bss)
 *(.bss*)
 .bss.completed.1
                0x2000000c        0x1 /usr/local/arm/arm-gnu-toolchain-13.2.Rel1-x86_64-arm-none-eabi/bin/../lib/gcc/arm-none-eabi/13.2.1/thumb/v7e-m+fp/hard/crtbegin.o
 *fill*         0x2000000d        0x3 
 .bss.object.0  0x20000010       0x18 /usr/local/arm/arm-gnu-toolchain-13.2.Rel1-x86_64-arm-none-eabi/bin/../lib/gcc/arm-none-eabi/13.2.1/thumb/v7e-m+fp/hard/crtbegin.o
 .bss.htim3     0x20000028       0x4c CMakeFiles/12sheng_sai.dir/Src/tim.c.obj
                0x20000028                htim3
 .bss.htim7     0x20000074       0x4c CMakeFiles/12sheng_sai.dir/Src/tim.c.obj
                0x20000074                htim7
 .bss.htim17    0x200000c0       0x4c CMakeFiles/12sheng_sai.dir/Src/tim.c.obj
                0x200000c0                htim17
 .bss.huart1    0x2000010c       0x90 CMakeFiles/12sheng_sai.dir/Src/usart.c.obj
                0x2000010c                huart1
 .bss.uwTick    0x2000019c        0x4 CMakeFiles/12sheng_sai.dir/Drivers/STM32G4xx_HAL_Driver/Src/stm32g4xx_hal.c.obj
                0x2000019c                uwTick
 *(COMMON)
                0x200001a0                        . = ALIGN (0x4)
                0x200001a0                        _ebss = .
                0x200001a0                        __bss_end__ = _ebss

._user_heap_stack
                0x200001a0      0x600 load address 0x08004e40
                0x200001a0                        . = ALIGN (0x8)
                [!provide]                        PROVIDE (end = .)
                0x200001a0                        PROVIDE (_end = .)
                0x200003a0                        . = (. + _Min_Heap_Size)
 *fill*         0x200001a0      0x200 
                0x200007a0                        . = (. + _Min_Stack_Size)
 *fill*         0x200003a0      0x400 
                0x200007a0                        . = ALIGN (0x8)

/DISCARD/
 libc.a(*)
 libm.a(*)
 libgcc.a(*)

.ARM.attributes
                0x00000000       0x30
 *(.ARM.attributes)
 .ARM.attributes
                0x00000000       0x22 /usr/local/arm/arm-gnu-toolchain-13.2.Rel1-x86_64-arm-none-eabi/bin/../lib/gcc/arm-none-eabi/13.2.1/thumb/v7e-m+fp/hard/crti.o
 .ARM.attributes
                0x00000022       0x34 /usr/local/arm/arm-gnu-toolchain-13.2.Rel1-x86_64-arm-none-eabi/bin/../lib/gcc/arm-none-eabi/13.2.1/thumb/v7e-m+fp/hard/crtbegin.o
 .ARM.attributes
                0x00000056       0x34 /usr/local/arm/arm-gnu-toolchain-13.2.Rel1-x86_64-arm-none-eabi/bin/../lib/gcc/arm-none-eabi/13.2.1/../../../../arm-none-eabi/lib/thumb/v7e-m+fp/hard/libc_nano.a(libc_a-init.o)
 .ARM.attributes
                0x0000008a       0x34 /usr/local/arm/arm-gnu-toolchain-13.2.Rel1-x86_64-arm-none-eabi/bin/../lib/gcc/arm-none-eabi/13.2.1/../../../../arm-none-eabi/lib/thumb/v7e-m+fp/hard/libc_nano.a(libc_a-memset.o)
 .ARM.attributes
                0x000000be       0x34 CMakeFiles/12sheng_sai.dir/Src/main.c.obj
 .ARM.attributes
                0x000000f2       0x34 CMakeFiles/12sheng_sai.dir/Src/gpio.c.obj
 .ARM.attributes
                0x00000126       0x34 CMakeFiles/12sheng_sai.dir/Src/tim.c.obj
 .ARM.attributes
                0x0000015a       0x34 CMakeFiles/12sheng_sai.dir/Src/usart.c.obj
 .ARM.attributes
                0x0000018e       0x34 CMakeFiles/12sheng_sai.dir/Src/stm32g4xx_it.c.obj
 .ARM.attributes
                0x000001c2       0x34 CMakeFiles/12sheng_sai.dir/Src/stm32g4xx_hal_msp.c.obj
 .ARM.attributes
                0x000001f6       0x34 CMakeFiles/12sheng_sai.dir/Drivers/STM32G4xx_HAL_Driver/Src/stm32g4xx_hal_tim.c.obj
 .ARM.attributes
                0x0000022a       0x34 CMakeFiles/12sheng_sai.dir/Drivers/STM32G4xx_HAL_Driver/Src/stm32g4xx_hal_tim_ex.c.obj
 .ARM.attributes
                0x0000025e       0x34 CMakeFiles/12sheng_sai.dir/Drivers/STM32G4xx_HAL_Driver/Src/stm32g4xx_hal_pwr_ex.c.obj
 .ARM.attributes
                0x00000292       0x34 CMakeFiles/12sheng_sai.dir/Drivers/STM32G4xx_HAL_Driver/Src/stm32g4xx_hal.c.obj
 .ARM.attributes
                0x000002c6       0x34 CMakeFiles/12sheng_sai.dir/Drivers/STM32G4xx_HAL_Driver/Src/stm32g4xx_hal_rcc.c.obj
 .ARM.attributes
                0x000002fa       0x34 CMakeFiles/12sheng_sai.dir/Drivers/STM32G4xx_HAL_Driver/Src/stm32g4xx_hal_rcc_ex.c.obj
 .ARM.attributes
                0x0000032e       0x34 CMakeFiles/12sheng_sai.dir/Drivers/STM32G4xx_HAL_Driver/Src/stm32g4xx_hal_gpio.c.obj
 .ARM.attributes
                0x00000362       0x34 CMakeFiles/12sheng_sai.dir/Drivers/STM32G4xx_HAL_Driver/Src/stm32g4xx_hal_dma.c.obj
 .ARM.attributes
                0x00000396       0x34 CMakeFiles/12sheng_sai.dir/Drivers/STM32G4xx_HAL_Driver/Src/stm32g4xx_hal_cortex.c.obj
 .ARM.attributes
                0x000003ca       0x34 CMakeFiles/12sheng_sai.dir/Drivers/STM32G4xx_HAL_Driver/Src/stm32g4xx_hal_uart.c.obj
 .ARM.attributes
                0x000003fe       0x34 CMakeFiles/12sheng_sai.dir/Drivers/STM32G4xx_HAL_Driver/Src/stm32g4xx_hal_uart_ex.c.obj
 .ARM.attributes
                0x00000432       0x34 CMakeFiles/12sheng_sai.dir/Src/system_stm32g4xx.c.obj
 .ARM.attributes
                0x00000466       0x21 CMakeFiles/12sheng_sai.dir/startup_stm32g431xx.s.obj
 .ARM.attributes
                0x00000487       0x22 /usr/local/arm/arm-gnu-toolchain-13.2.Rel1-x86_64-arm-none-eabi/bin/../lib/gcc/arm-none-eabi/13.2.1/thumb/v7e-m+fp/hard/libgcc.a(_aeabi_uldivmod.o)
 .ARM.attributes
                0x000004a9       0x34 /usr/local/arm/arm-gnu-toolchain-13.2.Rel1-x86_64-arm-none-eabi/bin/../lib/gcc/arm-none-eabi/13.2.1/thumb/v7e-m+fp/hard/libgcc.a(_udivmoddi4.o)
 .ARM.attributes
                0x000004dd       0x22 /usr/local/arm/arm-gnu-toolchain-13.2.Rel1-x86_64-arm-none-eabi/bin/../lib/gcc/arm-none-eabi/13.2.1/thumb/v7e-m+fp/hard/libgcc.a(_dvmd_tls.o)
 .ARM.attributes
                0x000004ff       0x34 /usr/local/arm/arm-gnu-toolchain-13.2.Rel1-x86_64-arm-none-eabi/bin/../lib/gcc/arm-none-eabi/13.2.1/thumb/v7e-m+fp/hard/crtend.o
 .ARM.attributes
                0x00000533       0x22 /usr/local/arm/arm-gnu-toolchain-13.2.Rel1-x86_64-arm-none-eabi/bin/../lib/gcc/arm-none-eabi/13.2.1/thumb/v7e-m+fp/hard/crtn.o
OUTPUT(12sheng_sai.elf elf32-littlearm)
LOAD linker stubs
LOAD /usr/local/arm/arm-gnu-toolchain-13.2.Rel1-x86_64-arm-none-eabi/bin/../lib/gcc/arm-none-eabi/13.2.1/../../../../arm-none-eabi/lib/thumb/v7e-m+fp/hard/libc.a
LOAD /usr/local/arm/arm-gnu-toolchain-13.2.Rel1-x86_64-arm-none-eabi/bin/../lib/gcc/arm-none-eabi/13.2.1/../../../../arm-none-eabi/lib/thumb/v7e-m+fp/hard/libm.a
LOAD /usr/local/arm/arm-gnu-toolchain-13.2.Rel1-x86_64-arm-none-eabi/bin/../lib/gcc/arm-none-eabi/13.2.1/thumb/v7e-m+fp/hard/libgcc.a

.debug_frame    0x00000000     0x4538
 .debug_frame   0x00000000       0x2c /usr/local/arm/arm-gnu-toolchain-13.2.Rel1-x86_64-arm-none-eabi/bin/../lib/gcc/arm-none-eabi/13.2.1/../../../../arm-none-eabi/lib/thumb/v7e-m+fp/hard/libc_nano.a(libc_a-init.o)
 .debug_frame   0x0000002c       0x20 /usr/local/arm/arm-gnu-toolchain-13.2.Rel1-x86_64-arm-none-eabi/bin/../lib/gcc/arm-none-eabi/13.2.1/../../../../arm-none-eabi/lib/thumb/v7e-m+fp/hard/libc_nano.a(libc_a-memset.o)
 .debug_frame   0x0000004c       0x68 CMakeFiles/12sheng_sai.dir/Src/main.c.obj
 .debug_frame   0x000000b4       0x34 CMakeFiles/12sheng_sai.dir/Src/gpio.c.obj
 .debug_frame   0x000000e8      0x130 CMakeFiles/12sheng_sai.dir/Src/tim.c.obj
 .debug_frame   0x00000218       0x74 CMakeFiles/12sheng_sai.dir/Src/usart.c.obj
 .debug_frame   0x0000028c      0x158 CMakeFiles/12sheng_sai.dir/Src/stm32g4xx_it.c.obj
 .debug_frame   0x000003e4       0x34 CMakeFiles/12sheng_sai.dir/Src/stm32g4xx_hal_msp.c.obj
 .debug_frame   0x00000418     0x121c CMakeFiles/12sheng_sai.dir/Drivers/STM32G4xx_HAL_Driver/Src/stm32g4xx_hal_tim.c.obj
 .debug_frame   0x00001634      0xa68 CMakeFiles/12sheng_sai.dir/Drivers/STM32G4xx_HAL_Driver/Src/stm32g4xx_hal_tim_ex.c.obj
 .debug_frame   0x0000209c      0x4fc CMakeFiles/12sheng_sai.dir/Drivers/STM32G4xx_HAL_Driver/Src/stm32g4xx_hal_pwr_ex.c.obj
 .debug_frame   0x00002598      0x4a0 CMakeFiles/12sheng_sai.dir/Drivers/STM32G4xx_HAL_Driver/Src/stm32g4xx_hal.c.obj
 .debug_frame   0x00002a38      0x23c CMakeFiles/12sheng_sai.dir/Drivers/STM32G4xx_HAL_Driver/Src/stm32g4xx_hal_rcc.c.obj
 .debug_frame   0x00002c74      0x2ac CMakeFiles/12sheng_sai.dir/Drivers/STM32G4xx_HAL_Driver/Src/stm32g4xx_hal_rcc_ex.c.obj
 .debug_frame   0x00002f20      0x14c CMakeFiles/12sheng_sai.dir/Drivers/STM32G4xx_HAL_Driver/Src/stm32g4xx_hal_gpio.c.obj
 .debug_frame   0x0000306c      0x24c CMakeFiles/12sheng_sai.dir/Drivers/STM32G4xx_HAL_Driver/Src/stm32g4xx_hal_dma.c.obj
 .debug_frame   0x000032b8      0x498 CMakeFiles/12sheng_sai.dir/Drivers/STM32G4xx_HAL_Driver/Src/stm32g4xx_hal_cortex.c.obj
 .debug_frame   0x00003750      0xa94 CMakeFiles/12sheng_sai.dir/Drivers/STM32G4xx_HAL_Driver/Src/stm32g4xx_hal_uart.c.obj
 .debug_frame   0x000041e4      0x29c CMakeFiles/12sheng_sai.dir/Drivers/STM32G4xx_HAL_Driver/Src/stm32g4xx_hal_uart_ex.c.obj
 .debug_frame   0x00004480       0x58 CMakeFiles/12sheng_sai.dir/Src/system_stm32g4xx.c.obj
 .debug_frame   0x000044d8       0x2c /usr/local/arm/arm-gnu-toolchain-13.2.Rel1-x86_64-arm-none-eabi/bin/../lib/gcc/arm-none-eabi/13.2.1/thumb/v7e-m+fp/hard/libgcc.a(_aeabi_uldivmod.o)
 .debug_frame   0x00004504       0x34 /usr/local/arm/arm-gnu-toolchain-13.2.Rel1-x86_64-arm-none-eabi/bin/../lib/gcc/arm-none-eabi/13.2.1/thumb/v7e-m+fp/hard/libgcc.a(_udivmoddi4.o)

.debug_info     0x00000000    0x1260c
 .debug_info    0x00000000      0x2d6 CMakeFiles/12sheng_sai.dir/Src/main.c.obj
 .debug_info    0x000002d6      0x49b CMakeFiles/12sheng_sai.dir/Src/gpio.c.obj
 .debug_info    0x00000771     0x127f CMakeFiles/12sheng_sai.dir/Src/tim.c.obj
 .debug_info    0x000019f0      0xf89 CMakeFiles/12sheng_sai.dir/Src/usart.c.obj
 .debug_info    0x00002979      0xc54 CMakeFiles/12sheng_sai.dir/Src/stm32g4xx_it.c.obj
 .debug_info    0x000035cd      0x2da CMakeFiles/12sheng_sai.dir/Src/stm32g4xx_hal_msp.c.obj
 .debug_info    0x000038a7     0x2bfd CMakeFiles/12sheng_sai.dir/Drivers/STM32G4xx_HAL_Driver/Src/stm32g4xx_hal_tim.c.obj
 .debug_info    0x000064a4     0x1d63 CMakeFiles/12sheng_sai.dir/Drivers/STM32G4xx_HAL_Driver/Src/stm32g4xx_hal_tim_ex.c.obj
 .debug_info    0x00008207      0x93f CMakeFiles/12sheng_sai.dir/Drivers/STM32G4xx_HAL_Driver/Src/stm32g4xx_hal_pwr_ex.c.obj
 .debug_info    0x00008b46      0xa99 CMakeFiles/12sheng_sai.dir/Drivers/STM32G4xx_HAL_Driver/Src/stm32g4xx_hal.c.obj
 .debug_info    0x000095df      0xb82 CMakeFiles/12sheng_sai.dir/Drivers/STM32G4xx_HAL_Driver/Src/stm32g4xx_hal_rcc.c.obj
 .debug_info    0x0000a161      0xc15 CMakeFiles/12sheng_sai.dir/Drivers/STM32G4xx_HAL_Driver/Src/stm32g4xx_hal_rcc_ex.c.obj
 .debug_info    0x0000ad76      0x763 CMakeFiles/12sheng_sai.dir/Drivers/STM32G4xx_HAL_Driver/Src/stm32g4xx_hal_gpio.c.obj
 .debug_info    0x0000b4d9      0x85f CMakeFiles/12sheng_sai.dir/Drivers/STM32G4xx_HAL_Driver/Src/stm32g4xx_hal_dma.c.obj
 .debug_info    0x0000bd38      0xcf3 CMakeFiles/12sheng_sai.dir/Drivers/STM32G4xx_HAL_Driver/Src/stm32g4xx_hal_cortex.c.obj
 .debug_info    0x0000ca2b     0x46a0 CMakeFiles/12sheng_sai.dir/Drivers/STM32G4xx_HAL_Driver/Src/stm32g4xx_hal_uart.c.obj
 .debug_info    0x000110cb      0xf83 CMakeFiles/12sheng_sai.dir/Drivers/STM32G4xx_HAL_Driver/Src/stm32g4xx_hal_uart_ex.c.obj
 .debug_info    0x0001204e      0x58e CMakeFiles/12sheng_sai.dir/Src/system_stm32g4xx.c.obj
 .debug_info    0x000125dc       0x30 CMakeFiles/12sheng_sai.dir/startup_stm32g431xx.s.obj

.debug_abbrev   0x00000000     0x26d3
 .debug_abbrev  0x00000000      0x164 CMakeFiles/12sheng_sai.dir/Src/main.c.obj
 .debug_abbrev  0x00000164      0x152 CMakeFiles/12sheng_sai.dir/Src/gpio.c.obj
 .debug_abbrev  0x000002b6      0x26c CMakeFiles/12sheng_sai.dir/Src/tim.c.obj
 .debug_abbrev  0x00000522      0x213 CMakeFiles/12sheng_sai.dir/Src/usart.c.obj
 .debug_abbrev  0x00000735      0x1cb CMakeFiles/12sheng_sai.dir/Src/stm32g4xx_it.c.obj
 .debug_abbrev  0x00000900       0xd9 CMakeFiles/12sheng_sai.dir/Src/stm32g4xx_hal_msp.c.obj
 .debug_abbrev  0x000009d9      0x2a0 CMakeFiles/12sheng_sai.dir/Drivers/STM32G4xx_HAL_Driver/Src/stm32g4xx_hal_tim.c.obj
 .debug_abbrev  0x00000c79      0x2be CMakeFiles/12sheng_sai.dir/Drivers/STM32G4xx_HAL_Driver/Src/stm32g4xx_hal_tim_ex.c.obj
 .debug_abbrev  0x00000f37      0x22c CMakeFiles/12sheng_sai.dir/Drivers/STM32G4xx_HAL_Driver/Src/stm32g4xx_hal_pwr_ex.c.obj
 .debug_abbrev  0x00001163      0x271 CMakeFiles/12sheng_sai.dir/Drivers/STM32G4xx_HAL_Driver/Src/stm32g4xx_hal.c.obj
 .debug_abbrev  0x000013d4      0x2c9 CMakeFiles/12sheng_sai.dir/Drivers/STM32G4xx_HAL_Driver/Src/stm32g4xx_hal_rcc.c.obj
 .debug_abbrev  0x0000169d      0x258 CMakeFiles/12sheng_sai.dir/Drivers/STM32G4xx_HAL_Driver/Src/stm32g4xx_hal_rcc_ex.c.obj
 .debug_abbrev  0x000018f5      0x1cb CMakeFiles/12sheng_sai.dir/Drivers/STM32G4xx_HAL_Driver/Src/stm32g4xx_hal_gpio.c.obj
 .debug_abbrev  0x00001ac0      0x1e2 CMakeFiles/12sheng_sai.dir/Drivers/STM32G4xx_HAL_Driver/Src/stm32g4xx_hal_dma.c.obj
 .debug_abbrev  0x00001ca2      0x31c CMakeFiles/12sheng_sai.dir/Drivers/STM32G4xx_HAL_Driver/Src/stm32g4xx_hal_cortex.c.obj
 .debug_abbrev  0x00001fbe      0x304 CMakeFiles/12sheng_sai.dir/Drivers/STM32G4xx_HAL_Driver/Src/stm32g4xx_hal_uart.c.obj
 .debug_abbrev  0x000022c2      0x2d3 CMakeFiles/12sheng_sai.dir/Drivers/STM32G4xx_HAL_Driver/Src/stm32g4xx_hal_uart_ex.c.obj
 .debug_abbrev  0x00002595      0x11a CMakeFiles/12sheng_sai.dir/Src/system_stm32g4xx.c.obj
 .debug_abbrev  0x000026af       0x24 CMakeFiles/12sheng_sai.dir/startup_stm32g431xx.s.obj

.debug_aranges  0x00000000     0x1080
 .debug_aranges
                0x00000000       0x30 CMakeFiles/12sheng_sai.dir/Src/main.c.obj
 .debug_aranges
                0x00000030       0x20 CMakeFiles/12sheng_sai.dir/Src/gpio.c.obj
 .debug_aranges
                0x00000050       0x58 CMakeFiles/12sheng_sai.dir/Src/tim.c.obj
 .debug_aranges
                0x000000a8       0x30 CMakeFiles/12sheng_sai.dir/Src/usart.c.obj
 .debug_aranges
                0x000000d8       0x78 CMakeFiles/12sheng_sai.dir/Src/stm32g4xx_it.c.obj
 .debug_aranges
                0x00000150       0x20 CMakeFiles/12sheng_sai.dir/Src/stm32g4xx_hal_msp.c.obj
 .debug_aranges
                0x00000170      0x3e0 CMakeFiles/12sheng_sai.dir/Drivers/STM32G4xx_HAL_Driver/Src/stm32g4xx_hal_tim.c.obj
 .debug_aranges
                0x00000550      0x240 CMakeFiles/12sheng_sai.dir/Drivers/STM32G4xx_HAL_Driver/Src/stm32g4xx_hal_tim_ex.c.obj
 .debug_aranges
                0x00000790      0x140 CMakeFiles/12sheng_sai.dir/Drivers/STM32G4xx_HAL_Driver/Src/stm32g4xx_hal_pwr_ex.c.obj
 .debug_aranges
                0x000008d0      0x130 CMakeFiles/12sheng_sai.dir/Drivers/STM32G4xx_HAL_Driver/Src/stm32g4xx_hal.c.obj
 .debug_aranges
                0x00000a00       0x98 CMakeFiles/12sheng_sai.dir/Drivers/STM32G4xx_HAL_Driver/Src/stm32g4xx_hal_rcc.c.obj
 .debug_aranges
                0x00000a98       0xb0 CMakeFiles/12sheng_sai.dir/Drivers/STM32G4xx_HAL_Driver/Src/stm32g4xx_hal_rcc_ex.c.obj
 .debug_aranges
                0x00000b48       0x58 CMakeFiles/12sheng_sai.dir/Drivers/STM32G4xx_HAL_Driver/Src/stm32g4xx_hal_gpio.c.obj
 .debug_aranges
                0x00000ba0       0x90 CMakeFiles/12sheng_sai.dir/Drivers/STM32G4xx_HAL_Driver/Src/stm32g4xx_hal_dma.c.obj
 .debug_aranges
                0x00000c30      0x118 CMakeFiles/12sheng_sai.dir/Drivers/STM32G4xx_HAL_Driver/Src/stm32g4xx_hal_cortex.c.obj
 .debug_aranges
                0x00000d48      0x248 CMakeFiles/12sheng_sai.dir/Drivers/STM32G4xx_HAL_Driver/Src/stm32g4xx_hal_uart.c.obj
 .debug_aranges
                0x00000f90       0xa0 CMakeFiles/12sheng_sai.dir/Drivers/STM32G4xx_HAL_Driver/Src/stm32g4xx_hal_uart_ex.c.obj
 .debug_aranges
                0x00001030       0x28 CMakeFiles/12sheng_sai.dir/Src/system_stm32g4xx.c.obj
 .debug_aranges
                0x00001058       0x28 CMakeFiles/12sheng_sai.dir/startup_stm32g431xx.s.obj

.debug_rnglists
                0x00000000      0xcde
 .debug_rnglists
                0x00000000       0x20 CMakeFiles/12sheng_sai.dir/Src/main.c.obj
 .debug_rnglists
                0x00000020       0x14 CMakeFiles/12sheng_sai.dir/Src/gpio.c.obj
 .debug_rnglists
                0x00000034       0x40 CMakeFiles/12sheng_sai.dir/Src/tim.c.obj
 .debug_rnglists
                0x00000074       0x21 CMakeFiles/12sheng_sai.dir/Src/usart.c.obj
 .debug_rnglists
                0x00000095       0x55 CMakeFiles/12sheng_sai.dir/Src/stm32g4xx_it.c.obj
 .debug_rnglists
                0x000000ea       0x13 CMakeFiles/12sheng_sai.dir/Src/stm32g4xx_hal_msp.c.obj
 .debug_rnglists
                0x000000fd      0x328 CMakeFiles/12sheng_sai.dir/Drivers/STM32G4xx_HAL_Driver/Src/stm32g4xx_hal_tim.c.obj
 .debug_rnglists
                0x00000425      0x1cb CMakeFiles/12sheng_sai.dir/Drivers/STM32G4xx_HAL_Driver/Src/stm32g4xx_hal_tim_ex.c.obj
 .debug_rnglists
                0x000005f0       0xf1 CMakeFiles/12sheng_sai.dir/Drivers/STM32G4xx_HAL_Driver/Src/stm32g4xx_hal_pwr_ex.c.obj
 .debug_rnglists
                0x000006e1       0xdf CMakeFiles/12sheng_sai.dir/Drivers/STM32G4xx_HAL_Driver/Src/stm32g4xx_hal.c.obj
 .debug_rnglists
                0x000007c0       0x74 CMakeFiles/12sheng_sai.dir/Drivers/STM32G4xx_HAL_Driver/Src/stm32g4xx_hal_rcc.c.obj
 .debug_rnglists
                0x00000834       0x87 CMakeFiles/12sheng_sai.dir/Drivers/STM32G4xx_HAL_Driver/Src/stm32g4xx_hal_rcc_ex.c.obj
 .debug_rnglists
                0x000008bb       0x3f CMakeFiles/12sheng_sai.dir/Drivers/STM32G4xx_HAL_Driver/Src/stm32g4xx_hal_gpio.c.obj
 .debug_rnglists
                0x000008fa       0x71 CMakeFiles/12sheng_sai.dir/Drivers/STM32G4xx_HAL_Driver/Src/stm32g4xx_hal_dma.c.obj
 .debug_rnglists
                0x0000096b       0xce CMakeFiles/12sheng_sai.dir/Drivers/STM32G4xx_HAL_Driver/Src/stm32g4xx_hal_cortex.c.obj
 .debug_rnglists
                0x00000a39      0x1f9 CMakeFiles/12sheng_sai.dir/Drivers/STM32G4xx_HAL_Driver/Src/stm32g4xx_hal_uart.c.obj
 .debug_rnglists
                0x00000c32       0x79 CMakeFiles/12sheng_sai.dir/Drivers/STM32G4xx_HAL_Driver/Src/stm32g4xx_hal_uart_ex.c.obj
 .debug_rnglists
                0x00000cab       0x1a CMakeFiles/12sheng_sai.dir/Src/system_stm32g4xx.c.obj
 .debug_rnglists
                0x00000cc5       0x19 CMakeFiles/12sheng_sai.dir/startup_stm32g431xx.s.obj

.debug_macro    0x00000000    0x1dcde
 .debug_macro   0x00000000      0x1fa CMakeFiles/12sheng_sai.dir/Src/main.c.obj
 .debug_macro   0x000001fa      0xad8 CMakeFiles/12sheng_sai.dir/Src/main.c.obj
 .debug_macro   0x00000cd2      0x15b CMakeFiles/12sheng_sai.dir/Src/main.c.obj
 .debug_macro   0x00000e2d       0x2e CMakeFiles/12sheng_sai.dir/Src/main.c.obj
 .debug_macro   0x00000e5b       0x28 CMakeFiles/12sheng_sai.dir/Src/main.c.obj
 .debug_macro   0x00000e83       0x22 CMakeFiles/12sheng_sai.dir/Src/main.c.obj
 .debug_macro   0x00000ea5       0x8e CMakeFiles/12sheng_sai.dir/Src/main.c.obj
 .debug_macro   0x00000f33       0x51 CMakeFiles/12sheng_sai.dir/Src/main.c.obj
 .debug_macro   0x00000f84      0x103 CMakeFiles/12sheng_sai.dir/Src/main.c.obj
 .debug_macro   0x00001087       0x6a CMakeFiles/12sheng_sai.dir/Src/main.c.obj
 .debug_macro   0x000010f1      0x1df CMakeFiles/12sheng_sai.dir/Src/main.c.obj
 .debug_macro   0x000012d0       0x1c CMakeFiles/12sheng_sai.dir/Src/main.c.obj
 .debug_macro   0x000012ec       0x22 CMakeFiles/12sheng_sai.dir/Src/main.c.obj
 .debug_macro   0x0000130e       0xfb CMakeFiles/12sheng_sai.dir/Src/main.c.obj
 .debug_macro   0x00001409     0x1011 CMakeFiles/12sheng_sai.dir/Src/main.c.obj
 .debug_macro   0x0000241a      0x11f CMakeFiles/12sheng_sai.dir/Src/main.c.obj
 .debug_macro   0x00002539    0x11396 CMakeFiles/12sheng_sai.dir/Src/main.c.obj
 .debug_macro   0x000138cf       0x6d CMakeFiles/12sheng_sai.dir/Src/main.c.obj
 .debug_macro   0x0001393c     0x3554 CMakeFiles/12sheng_sai.dir/Src/main.c.obj
 .debug_macro   0x00016e90      0x190 CMakeFiles/12sheng_sai.dir/Src/main.c.obj
 .debug_macro   0x00017020       0x5c CMakeFiles/12sheng_sai.dir/Src/main.c.obj
 .debug_macro   0x0001707c     0x141d CMakeFiles/12sheng_sai.dir/Src/main.c.obj
 .debug_macro   0x00018499      0x535 CMakeFiles/12sheng_sai.dir/Src/main.c.obj
 .debug_macro   0x000189ce      0x1b6 CMakeFiles/12sheng_sai.dir/Src/main.c.obj
 .debug_macro   0x00018b84      0x288 CMakeFiles/12sheng_sai.dir/Src/main.c.obj
 .debug_macro   0x00018e0c      0x41d CMakeFiles/12sheng_sai.dir/Src/main.c.obj
 .debug_macro   0x00019229      0x18b CMakeFiles/12sheng_sai.dir/Src/main.c.obj
 .debug_macro   0x000193b4       0x43 CMakeFiles/12sheng_sai.dir/Src/main.c.obj
 .debug_macro   0x000193f7      0x23d CMakeFiles/12sheng_sai.dir/Src/main.c.obj
 .debug_macro   0x00019634      0x211 CMakeFiles/12sheng_sai.dir/Src/main.c.obj
 .debug_macro   0x00019845      0x401 CMakeFiles/12sheng_sai.dir/Src/main.c.obj
 .debug_macro   0x00019c46      0x107 CMakeFiles/12sheng_sai.dir/Src/main.c.obj
 .debug_macro   0x00019d4d      0x122 CMakeFiles/12sheng_sai.dir/Src/main.c.obj
 .debug_macro   0x00019e6f      0x3d1 CMakeFiles/12sheng_sai.dir/Src/main.c.obj
 .debug_macro   0x0001a240      0xbbe CMakeFiles/12sheng_sai.dir/Src/main.c.obj
 .debug_macro   0x0001adfe      0x47e CMakeFiles/12sheng_sai.dir/Src/main.c.obj
 .debug_macro   0x0001b27c      0x67e CMakeFiles/12sheng_sai.dir/Src/main.c.obj
 .debug_macro   0x0001b8fa       0xa6 CMakeFiles/12sheng_sai.dir/Src/main.c.obj
 .debug_macro   0x0001b9a0      0x306 CMakeFiles/12sheng_sai.dir/Src/main.c.obj
 .debug_macro   0x0001bca6      0x1e2 CMakeFiles/12sheng_sai.dir/Src/gpio.c.obj
 .debug_macro   0x0001be88      0x1e2 CMakeFiles/12sheng_sai.dir/Src/tim.c.obj
 .debug_macro   0x0001c06a      0x1e2 CMakeFiles/12sheng_sai.dir/Src/usart.c.obj
 .debug_macro   0x0001c24c      0x1e2 CMakeFiles/12sheng_sai.dir/Src/stm32g4xx_it.c.obj
 .debug_macro   0x0001c42e      0x1d8 CMakeFiles/12sheng_sai.dir/Src/stm32g4xx_hal_msp.c.obj
 .debug_macro   0x0001c606      0x1d6 CMakeFiles/12sheng_sai.dir/Drivers/STM32G4xx_HAL_Driver/Src/stm32g4xx_hal_tim.c.obj
 .debug_macro   0x0001c7dc      0x1d4 CMakeFiles/12sheng_sai.dir/Drivers/STM32G4xx_HAL_Driver/Src/stm32g4xx_hal_tim_ex.c.obj
 .debug_macro   0x0001c9b0      0x1f8 CMakeFiles/12sheng_sai.dir/Drivers/STM32G4xx_HAL_Driver/Src/stm32g4xx_hal_pwr_ex.c.obj
 .debug_macro   0x0001cba8      0x21c CMakeFiles/12sheng_sai.dir/Drivers/STM32G4xx_HAL_Driver/Src/stm32g4xx_hal.c.obj
 .debug_macro   0x0001cdc4      0x210 CMakeFiles/12sheng_sai.dir/Drivers/STM32G4xx_HAL_Driver/Src/stm32g4xx_hal_rcc.c.obj
 .debug_macro   0x0001cfd4      0x1f8 CMakeFiles/12sheng_sai.dir/Drivers/STM32G4xx_HAL_Driver/Src/stm32g4xx_hal_rcc_ex.c.obj
 .debug_macro   0x0001d1cc      0x1d5 CMakeFiles/12sheng_sai.dir/Drivers/STM32G4xx_HAL_Driver/Src/stm32g4xx_hal_gpio.c.obj
 .debug_macro   0x0001d3a1      0x1ce CMakeFiles/12sheng_sai.dir/Drivers/STM32G4xx_HAL_Driver/Src/stm32g4xx_hal_dma.c.obj
 .debug_macro   0x0001d56f      0x1ce CMakeFiles/12sheng_sai.dir/Drivers/STM32G4xx_HAL_Driver/Src/stm32g4xx_hal_cortex.c.obj
 .debug_macro   0x0001d73d      0x1f9 CMakeFiles/12sheng_sai.dir/Drivers/STM32G4xx_HAL_Driver/Src/stm32g4xx_hal_uart.c.obj
 .debug_macro   0x0001d936      0x1da CMakeFiles/12sheng_sai.dir/Drivers/STM32G4xx_HAL_Driver/Src/stm32g4xx_hal_uart_ex.c.obj
 .debug_macro   0x0001db10      0x1ce CMakeFiles/12sheng_sai.dir/Src/system_stm32g4xx.c.obj

.debug_line     0x00000000    0x13b1f
 .debug_line    0x00000000      0x802 CMakeFiles/12sheng_sai.dir/Src/main.c.obj
 .debug_line    0x00000802      0x7a5 CMakeFiles/12sheng_sai.dir/Src/gpio.c.obj
 .debug_line    0x00000fa7      0x96b CMakeFiles/12sheng_sai.dir/Src/tim.c.obj
 .debug_line    0x00001912      0x828 CMakeFiles/12sheng_sai.dir/Src/usart.c.obj
 .debug_line    0x0000213a      0x869 CMakeFiles/12sheng_sai.dir/Src/stm32g4xx_it.c.obj
 .debug_line    0x000029a3      0x773 CMakeFiles/12sheng_sai.dir/Src/stm32g4xx_hal_msp.c.obj
 .debug_line    0x00003116     0x3e68 CMakeFiles/12sheng_sai.dir/Drivers/STM32G4xx_HAL_Driver/Src/stm32g4xx_hal_tim.c.obj
 .debug_line    0x00006f7e     0x1ff6 CMakeFiles/12sheng_sai.dir/Drivers/STM32G4xx_HAL_Driver/Src/stm32g4xx_hal_tim_ex.c.obj
 .debug_line    0x00008f74      0xd0f CMakeFiles/12sheng_sai.dir/Drivers/STM32G4xx_HAL_Driver/Src/stm32g4xx_hal_pwr_ex.c.obj
 .debug_line    0x00009c83      0xb68 CMakeFiles/12sheng_sai.dir/Drivers/STM32G4xx_HAL_Driver/Src/stm32g4xx_hal.c.obj
 .debug_line    0x0000a7eb     0x1033 CMakeFiles/12sheng_sai.dir/Drivers/STM32G4xx_HAL_Driver/Src/stm32g4xx_hal_rcc.c.obj
 .debug_line    0x0000b81e     0x115d CMakeFiles/12sheng_sai.dir/Drivers/STM32G4xx_HAL_Driver/Src/stm32g4xx_hal_rcc_ex.c.obj
 .debug_line    0x0000c97b      0xb89 CMakeFiles/12sheng_sai.dir/Drivers/STM32G4xx_HAL_Driver/Src/stm32g4xx_hal_gpio.c.obj
 .debug_line    0x0000d504      0xeaf CMakeFiles/12sheng_sai.dir/Drivers/STM32G4xx_HAL_Driver/Src/stm32g4xx_hal_dma.c.obj
 .debug_line    0x0000e3b3      0xceb CMakeFiles/12sheng_sai.dir/Drivers/STM32G4xx_HAL_Driver/Src/stm32g4xx_hal_cortex.c.obj
 .debug_line    0x0000f09e     0x3533 CMakeFiles/12sheng_sai.dir/Drivers/STM32G4xx_HAL_Driver/Src/stm32g4xx_hal_uart.c.obj
 .debug_line    0x000125d1      0xcf4 CMakeFiles/12sheng_sai.dir/Drivers/STM32G4xx_HAL_Driver/Src/stm32g4xx_hal_uart_ex.c.obj
 .debug_line    0x000132c5      0x7df CMakeFiles/12sheng_sai.dir/Src/system_stm32g4xx.c.obj
 .debug_line    0x00013aa4       0x7b CMakeFiles/12sheng_sai.dir/startup_stm32g431xx.s.obj

.debug_str      0x00000000    0xc2828
 .debug_str     0x00000000    0xc2828 CMakeFiles/12sheng_sai.dir/Src/main.c.obj
                              0xbd36b (size before relaxing)
 .debug_str     0x000c2828    0xbd362 CMakeFiles/12sheng_sai.dir/Src/gpio.c.obj
 .debug_str     0x000c2828    0xbe177 CMakeFiles/12sheng_sai.dir/Src/tim.c.obj
 .debug_str     0x000c2828    0xbdf75 CMakeFiles/12sheng_sai.dir/Src/usart.c.obj
 .debug_str     0x000c2828    0xbdabe CMakeFiles/12sheng_sai.dir/Src/stm32g4xx_it.c.obj
 .debug_str     0x000c2828    0xbd2b8 CMakeFiles/12sheng_sai.dir/Src/stm32g4xx_hal_msp.c.obj
 .debug_str     0x000c2828    0xbe83a CMakeFiles/12sheng_sai.dir/Drivers/STM32G4xx_HAL_Driver/Src/stm32g4xx_hal_tim.c.obj
 .debug_str     0x000c2828    0xbe4be CMakeFiles/12sheng_sai.dir/Drivers/STM32G4xx_HAL_Driver/Src/stm32g4xx_hal_tim_ex.c.obj
 .debug_str     0x000c2828    0xbd83a CMakeFiles/12sheng_sai.dir/Drivers/STM32G4xx_HAL_Driver/Src/stm32g4xx_hal_pwr_ex.c.obj
 .debug_str     0x000c2828    0xbde64 CMakeFiles/12sheng_sai.dir/Drivers/STM32G4xx_HAL_Driver/Src/stm32g4xx_hal.c.obj
 .debug_str     0x000c2828    0xbda45 CMakeFiles/12sheng_sai.dir/Drivers/STM32G4xx_HAL_Driver/Src/stm32g4xx_hal_rcc.c.obj
 .debug_str     0x000c2828    0xbda46 CMakeFiles/12sheng_sai.dir/Drivers/STM32G4xx_HAL_Driver/Src/stm32g4xx_hal_rcc_ex.c.obj
 .debug_str     0x000c2828    0xbd4d7 CMakeFiles/12sheng_sai.dir/Drivers/STM32G4xx_HAL_Driver/Src/stm32g4xx_hal_gpio.c.obj
 .debug_str     0x000c2828    0xbd726 CMakeFiles/12sheng_sai.dir/Drivers/STM32G4xx_HAL_Driver/Src/stm32g4xx_hal_dma.c.obj
 .debug_str     0x000c2828    0xbdb0f CMakeFiles/12sheng_sai.dir/Drivers/STM32G4xx_HAL_Driver/Src/stm32g4xx_hal_cortex.c.obj
 .debug_str     0x000c2828    0xbe2df CMakeFiles/12sheng_sai.dir/Drivers/STM32G4xx_HAL_Driver/Src/stm32g4xx_hal_uart.c.obj
 .debug_str     0x000c2828    0xbdac3 CMakeFiles/12sheng_sai.dir/Drivers/STM32G4xx_HAL_Driver/Src/stm32g4xx_hal_uart_ex.c.obj
 .debug_str     0x000c2828    0xbd347 CMakeFiles/12sheng_sai.dir/Src/system_stm32g4xx.c.obj
 .debug_str     0x000c2828       0xc0 CMakeFiles/12sheng_sai.dir/startup_stm32g431xx.s.obj

.comment        0x00000000       0x44
 .comment       0x00000000       0x44 CMakeFiles/12sheng_sai.dir/Src/main.c.obj
                                 0x45 (size before relaxing)
 .comment       0x00000044       0x45 CMakeFiles/12sheng_sai.dir/Src/gpio.c.obj
 .comment       0x00000044       0x45 CMakeFiles/12sheng_sai.dir/Src/tim.c.obj
 .comment       0x00000044       0x45 CMakeFiles/12sheng_sai.dir/Src/usart.c.obj
 .comment       0x00000044       0x45 CMakeFiles/12sheng_sai.dir/Src/stm32g4xx_it.c.obj
 .comment       0x00000044       0x45 CMakeFiles/12sheng_sai.dir/Src/stm32g4xx_hal_msp.c.obj
 .comment       0x00000044       0x45 CMakeFiles/12sheng_sai.dir/Drivers/STM32G4xx_HAL_Driver/Src/stm32g4xx_hal_tim.c.obj
 .comment       0x00000044       0x45 CMakeFiles/12sheng_sai.dir/Drivers/STM32G4xx_HAL_Driver/Src/stm32g4xx_hal_tim_ex.c.obj
 .comment       0x00000044       0x45 CMakeFiles/12sheng_sai.dir/Drivers/STM32G4xx_HAL_Driver/Src/stm32g4xx_hal_pwr_ex.c.obj
 .comment       0x00000044       0x45 CMakeFiles/12sheng_sai.dir/Drivers/STM32G4xx_HAL_Driver/Src/stm32g4xx_hal.c.obj
 .comment       0x00000044       0x45 CMakeFiles/12sheng_sai.dir/Drivers/STM32G4xx_HAL_Driver/Src/stm32g4xx_hal_rcc.c.obj
 .comment       0x00000044       0x45 CMakeFiles/12sheng_sai.dir/Drivers/STM32G4xx_HAL_Driver/Src/stm32g4xx_hal_rcc_ex.c.obj
 .comment       0x00000044       0x45 CMakeFiles/12sheng_sai.dir/Drivers/STM32G4xx_HAL_Driver/Src/stm32g4xx_hal_gpio.c.obj
 .comment       0x00000044       0x45 CMakeFiles/12sheng_sai.dir/Drivers/STM32G4xx_HAL_Driver/Src/stm32g4xx_hal_dma.c.obj
 .comment       0x00000044       0x45 CMakeFiles/12sheng_sai.dir/Drivers/STM32G4xx_HAL_Driver/Src/stm32g4xx_hal_cortex.c.obj
 .comment       0x00000044       0x45 CMakeFiles/12sheng_sai.dir/Drivers/STM32G4xx_HAL_Driver/Src/stm32g4xx_hal_uart.c.obj
 .comment       0x00000044       0x45 CMakeFiles/12sheng_sai.dir/Drivers/STM32G4xx_HAL_Driver/Src/stm32g4xx_hal_uart_ex.c.obj
 .comment       0x00000044       0x45 CMakeFiles/12sheng_sai.dir/Src/system_stm32g4xx.c.obj

.debug_line_str
                0x00000000      0x172
 .debug_line_str
                0x00000000      0x172 CMakeFiles/12sheng_sai.dir/startup_stm32g431xx.s.obj
                                 0xa4 (size before relaxing)
 .debug_line_str
                0x00000172       0xc2 /usr/local/arm/arm-gnu-toolchain-13.2.Rel1-x86_64-arm-none-eabi/bin/../lib/gcc/arm-none-eabi/13.2.1/thumb/v7e-m+fp/hard/libgcc.a(_aeabi_uldivmod.o)
 .debug_line_str
                0x00000172       0xc6 /usr/local/arm/arm-gnu-toolchain-13.2.Rel1-x86_64-arm-none-eabi/bin/../lib/gcc/arm-none-eabi/13.2.1/thumb/v7e-m+fp/hard/libgcc.a(_dvmd_tls.o)
